// Jest Snapshot v1, https://goo.gl/fbAQLP

exports[`component rendering render 1`] = `"<div class=\\"switch\\"><div class=\\"slice\\"></div></div>"`;

exports[`component rendering render 2`] = `"<div class=\\"switch\\"><div class=\\"slice\\"></div></div>"`;
