// Jest Snapshot v1, https://goo.gl/fbAQLP

exports[`take snapshot 1`] = `
<div
  className="card"
>
  <a
    className="linkTitle"
    href="url test"
    target="_blank"
  >
    <h2
      className="title"
    >
      title test
    </h2>
  </a>
  <div
    className="contDescription"
  >
    <p
      className="description"
      onMouseEnter={[Function]}
      onMouseLeave={[Function]}
    >
      fake description
    </p>
    <Tooltip
      calcHeight={true}
      hover={false}
      parentRef={
        Object {
          "current": null,
        }
      }
      text="fake description"
    />
  </div>
  <div
    className="card__cont contTags --flex --wrap"
  >
    <Connect(Tag)
      id={123}
      key="1991-0"
      onClose={[Function]}
      updateDisable={true}
    />
    <Connect(Tag)
      id={456}
      key="1991-1"
      onClose={[Function]}
      updateDisable={true}
    />
    <Connect(Tag)
      id={789}
      key="1991-2"
      onClose={[Function]}
      updateDisable={true}
    />
  </div>
  <div
    className="card_options --flex"
  >
    <div
      className="loading"
    >
      <Icon
        className="edit iconHover"
        name="edit"
        onClick={[Function]}
        pointer={true}
      />
    </div>
    <div
      className="loading"
    >
      <Icon
        className="close iconHover"
        name="close"
        onClick={[Function]}
        pointer={true}
      />
    </div>
  </div>
</div>
`;
